2025-01-11 22:52:28,641 - User malek@gmail.com logged in.
2025-01-11 23:07:36,918 - User malek@gmail.com logged in.
2025-01-11 23:10:00,663 - User malek@gmail.com logged in.
2025-01-11 23:10:36,235 - User malek@gmail.com logged in.
2025-01-11 23:10:56,899 - User malek@gmail.com logged in.
2025-01-11 23:18:46,748 - User malek@gmail.com logged in.
2025-01-11 23:21:39,757 - User malek@gmail.com registered.
2025-01-11 23:21:50,285 - User malek@gmail.com logged in.
2025-01-11 23:22:26,982 - User tareq@gmail.com logged in.
2025-01-11 23:23:20,705 - Car Toyota Camry added to inventory.
2025-01-11 23:24:00,524 - Car Honda Civic added to inventory.
2025-01-11 23:24:48,713 - Car BMW m6 added to inventory.
2025-01-11 23:25:29,971 - User  registered.
2025-01-11 23:25:39,729 - User malek@gmail.com logged in.
2025-01-11 23:26:29,442 - User malek@gmail.com purchased 1 of Honda Civic.
2025-01-11 23:27:07,987 - User malek@gmail.com purchased 1 of BMW m6.
2025-01-11 23:27:56,983 - User tareq@gmail.com logged in.
2025-01-11 23:29:41,664 - User tareq@gmail.com logged in.
2025-01-11 23:32:36,608 - User malek@gmail.com granted inventory privileges.
2025-01-11 23:32:55,790 - User malek@gmail.com logged in.
2025-01-11 23:36:46,927 - User malek@gmail.com logged in.
2025-01-11 23:37:52,750 - Car Audi A5 added to inventory.
2025-01-11 23:38:29,833 - User mayvand@gmail.com registered.
2025-01-11 23:38:39,242 - User mayvand@gmail.com logged in.
2025-01-11 23:41:20,001 - User tareq@gmail.com logged in.
2025-01-12 19:27:26,228 - User tareq@gmail.com logged in.
2025-01-12 19:33:17,167 - User tareq@gmail.com logged in.
2025-01-12 19:34:51,733 - User tareq@gmail.com logged in.
2025-01-12 19:41:35,711 - User tareq@gmail.com logged in.
2025-01-12 19:46:29,691 - User malek@gmail.com logged in.
2025-01-12 19:46:49,526 - User mayvand@gmail.com logged in.
2025-01-12 19:49:02,818 - User mayvand@gmail.com logged in.
2025-01-12 19:52:08,270 - User mayvand@gmail.com logged in.
2025-01-12 19:53:00,391 - User mayvand@gmail.com logged in.
2025-01-12 19:56:58,634 - User mayvand@gmail.com logged in.
2025-01-12 19:58:15,291 - User mayvand@gmail.com logged in.
2025-01-12 20:00:45,028 - User mayvand@gmail.com logged in.
2025-01-12 20:03:03,418 - User mayvand@gmail.com logged in.
2025-01-12 20:03:58,657 - Application exited.
